eta_00 = [0.00329732, 0.0179385]
eta_mm = [0.0111888, 0.0321751]
eta_mn = [[+7.215e-03,-1.521e-02], [-2.659e-03,-8.476e-03], [-3.012e-03,-3.665e-03], [-2.208e-03,-1.766e-03], [-1.575e-03,-9.607e-04], [-1.149e-03,-5.743e-04], [-8.618e-04,-3.687e-04]]
eta_0e = [[+4.594e-03,-3.702e-03], [-2.532e-04,-3.101e-03], [-8.420e-04,-1.316e-03], [-6.504e-04,-6.008e-04], [-4.616e-04,-3.121e-04], [-3.324e-04,-1.800e-04], [-2.462e-04,-1.124e-04]]
eta_0m = [[+6.031e-03,-7.906e-03], [-1.035e-03,-5.130e-03], [-1.602e-03,-2.190e-03], [-1.199e-03,-1.028e-03], [-8.520e-04,-5.464e-04], [-6.174e-04,-3.210e-04], [-4.603e-04,-2.033e-04]]